******************************************************************************
                  TI ARM Linker PC v20.2.5                     
******************************************************************************
>> Linked Mon Dec 29 13:24:30 2025

OUTPUT FILE NAME:   <lcdilk.out>
ENTRY POINT SYMBOL: "_c_int00_noargs"  address: 000027d5


MEMORY CONFIGURATION

         name            origin    length      used     unused   attr    fill
----------------------  --------  ---------  --------  --------  ----  --------
  FLASH                 00000000   00040000  00002c28  0003d3d8  R  X
  SRAM                  20000000   00008000  00001284  00006d7c  RW X


SEGMENT ALLOCATION MAP

run origin  load origin   length   init length attrs members
----------  ----------- ---------- ----------- ----- -------
00000000    00000000    00002c28   00002c28    r-x
  00000000    00000000    0000026c   0000026c    r-- .intvecs
  0000026c    0000026c    00002758   00002758    r-x .text
  000029c4    000029c4    00000224   00000224    r-- .const
  00002be8    00002be8    00000040   00000040    r-- .cinit
20000000    20000000    00001288   00000000    rw-
  20000000    20000000    0000026c   00000000    rw- .vtable
  20000270    20000270    00001000   00000000    rw- .stack
  20001270    20001270    00000010   00000000    rw- .bss
  20001280    20001280    00000008   00000000    rw- .data


SECTION ALLOCATION MAP

 output                                  attributes/
section   page    origin      length       input sections
--------  ----  ----------  ----------   ----------------
.intvecs   0    00000000    0000026c     
                  00000000    0000026c     tm4c123gh6pm_startup_ccs.obj (.intvecs)

.text      0    0000026c    00002758     
                  0000026c    00000a4e     rtsv7M4_T_le_v4SPD16_eabi.lib : _printfi.c.obj (.text:__TI_printfi)
                  00000cba    00000002                                   : div0.asm.obj (.text)
                  00000cbc    00000270                                   : _printfi.c.obj (.text:_pconv_a)
                  00000f2c    00000210     lcd.obj (.text)
                  0000113c    000001d0     rtsv7M4_T_le_v4SPD16_eabi.lib : _printfi.c.obj (.text:_pconv_g)
                  0000130c    000001b6                                   : fd_add_t2.asm.obj (.text)
                  000014c2    00000002     --HOLE-- [fill = 0]
                  000014c4    0000016c     driverlib.lib : gpio.obj (.text:GPIOPadConfigSet)
                  00001630    00000148     main.obj (.text)
                  00001778    0000013c     rtsv7M4_T_le_v4SPD16_eabi.lib : _printfi.c.obj (.text:_pconv_e)
                  000018b4    00000136                                   : fd_div_t2.asm.obj (.text)
                  000019ea    00000002     --HOLE-- [fill = 0]
                  000019ec    00000124                                   : _printfi.c.obj (.text:fcvt)
                  00001b10    00000118     driverlib.lib : sysctl.obj (.text:SysCtlClockGet)
                  00001c28    00000110     rtsv7M4_T_le_v4SPD16_eabi.lib : s_scalbn.c.obj (.text:scalbn)
                  00001d38    000000fc                                   : fd_mul_t2.asm.obj (.text)
                  00001e34    000000f4     driverlib.lib : sysctl.obj (.text:SysCtlClockSet)
                  00001f28    000000b1     rtsv7M4_T_le_v4SPD16_eabi.lib : _printfi.c.obj (.text:_ltostr)
                  00001fd9    00000001     --HOLE-- [fill = 0]
                  00001fda    0000009c                                   : memcpy_t2.asm.obj (.text)
                  00002076    00000096                                   : ull_div_t2.asm.obj (.text)
                  0000210c    00000086                                   : fd_cmp_t2.asm.obj (.text:__aeabi_cdcmple)
                  00002192    00000086                                   : fd_cmp_t2.asm.obj (.text:__aeabi_cdrcmple)
                  00002218    0000007a                                   : memset_t2.asm.obj (.text)
                  00002292    0000006e                                   : _printfi.c.obj (.text:_mcpy)
                  00002300    00000068     driverlib.lib : interrupt.obj (.text:IntEnable)
                  00002368    00000068     rtsv7M4_T_le_v4SPD16_eabi.lib : copy_decompress_lzss.c.obj (.text:decompress:lzss:__TI_decompress_lzss)
                  000023d0    00000064                                   : s_frexp.c.obj (.text:frexp)
                  00002434    00000060     driverlib.lib : timer.obj (.text:TimerConfigure)
                  00002494    00000056     rtsv7M4_T_le_v4SPD16_eabi.lib : _printfi.c.obj (.text:_pconv_f)
                  000024ea    00000054                                   : _ltoa.c.obj (.text:__TI_ltoa)
                  0000253e    00000052                                   : _printfi.c.obj (.text:_ecpy)
                  00002590    0000004c     driverlib.lib : timer.obj (.text:_TimerIntNumberGet)
                  000025dc    0000004c     rtsv7M4_T_le_v4SPD16_eabi.lib : atoi.c.obj (.text:atoi)
                  00002628    00000048                                   : fd_toi_t2.asm.obj (.text)
                  00002670    00000044                                   : autoinit.c.obj (.text:__TI_auto_init_nobinit_nopinit:__TI_auto_init_nobinit_nopinit)
                  000026b4    00000040                                   : sprintf.c.obj (.text:sprintf)
                  000026f4    0000003e                                   : _printfi.c.obj (.text:_fcpy)
                  00002732    00000002     --HOLE-- [fill = 0]
                  00002734    00000038     driverlib.lib : sysctl.obj (.text:SysCtlPeripheralReady)
                  0000276c    00000034                   : interrupt.obj (.text:IntRegister)
                  000027a0    00000034                   : sysctl.obj (.text:SysCtlPeripheralEnable)
                  000027d4    00000034     rtsv7M4_T_le_v4SPD16_eabi.lib : boot_cortex_m.c.obj (.text:_c_int00_noargs:_c_int00_noargs)
                  00002808    0000002e                                   : i_tofd_t2.asm.obj (.text)
                  00002836    0000002c     driverlib.lib : gpio.obj (.text:GPIODirModeSet)
                  00002862    0000001c     rtsv7M4_T_le_v4SPD16_eabi.lib : copy_zero_init.c.obj (.text:decompress:ZI:__TI_zero_init_nomemset:__TI_zero_init_nomemset)
                  0000287e    0000001c                                   : memccpy.c.obj (.text:memccpy)
                  0000289a    0000001a     driverlib.lib : gpio.obj (.text:GPIOPinTypeGPIOOutput)
                  000028b4    0000001a     rtsv7M4_T_le_v4SPD16_eabi.lib : s_copysign.c.obj (.text:copysign)
                  000028ce    00000018     driverlib.lib : timer.obj (.text:TimerIntRegister)
                  000028e6    00000018     rtsv7M4_T_le_v4SPD16_eabi.lib : sprintf.c.obj (.text:_outs)
                  000028fe    00000016                                   : strchr.c.obj (.text:strchr)
                  00002914    00000014                                   : strlen.c.obj (.text:strlen)
                  00002928    00000012     driverlib.lib : timer.obj (.text:TimerLoadSet)
                  0000293a    00000012     rtsv7M4_T_le_v4SPD16_eabi.lib : wcslen.c.obj (.text:wcslen)
                  0000294c    00000010     driverlib.lib : interrupt.obj (.text:IntMasterEnable)
                  0000295c    0000000e                   : timer.obj (.text:TimerEnable)
                  0000296a    0000000e     rtsv7M4_T_le_v4SPD16_eabi.lib : copy_decompress_none.c.obj (.text:decompress:none:__TI_decompress_none)
                  00002978    0000000c     driverlib.lib : cpu.obj (.text:CPUcpsie)
                  00002984    0000000c     tm4c123gh6pm_startup_ccs.obj (.text)
                  00002990    0000000a     rtsv7M4_T_le_v4SPD16_eabi.lib : sprintf.c.obj (.text:_outc)
                  0000299a    00000008     driverlib.lib : timer.obj (.text:TimerIntEnable)
                  000029a2    00000002     --HOLE-- [fill = 0]
                  000029a4    00000008     rtsv7M4_T_le_v4SPD16_eabi.lib : errno.c.obj (.text:__aeabi_errno_addr)
                  000029ac    00000006     driverlib.lib : gpio.obj (.text:GPIOPinWrite)
                  000029b2    00000006                   : sysctl.obj (.text:SysCtlDelay)
                  000029b8    00000004                   : timer.obj (.text:TimerIntClear)
                  000029bc    00000004     rtsv7M4_T_le_v4SPD16_eabi.lib : pre_init.c.obj (.text:_system_pre_init)
                  000029c0    00000004                                   : exit.c.obj (.text:abort:abort)

.const     0    000029c4    00000224     
                  000029c4    00000101     rtsv7M4_T_le_v4SPD16_eabi.lib : ctype.c.obj (.const:.string:_ctypes_)
                  00002ac5    00000003     --HOLE-- [fill = 0]
                  00002ac8    0000006c     driverlib.lib : sysctl.obj (.const:g_pui32Xtals)
                  00002b34    00000060                   : timer.obj (.const:g_ppui32TimerIntMap)
                  00002b94    00000040                   : timer.obj (.const:g_ppui32TimerIntMapSnowflake)
                  00002bd4    00000014                   : interrupt.obj (.const:g_pui32EnRegs)

.cinit     0    00002be8    00000040     
                  00002be8    0000000c     (__TI_handler_table)
                  00002bf4    00000004     --HOLE-- [fill = 0]
                  00002bf8    00000008     (.cinit..bss.load) [load image, compression = zero_init]
                  00002c00    00000008     (.cinit..vtable.load) [load image, compression = zero_init]
                  00002c08    00000007     (.cinit..data.load) [load image, compression = lzss]
                  00002c0f    00000001     --HOLE-- [fill = 0]
                  00002c10    00000018     (__TI_cinit_table)

.init_array 
*          0    00000000    00000000     UNINITIALIZED

.vtable    0    20000000    0000026c     UNINITIALIZED
                  20000000    0000026c     driverlib.lib : interrupt.obj (.vtable)

.bss       0    20001270    00000010     UNINITIALIZED
                  20001270    00000010     (.common:saat_buffer)

.data      0    20001280    00000008     UNINITIALIZED
                  20001280    00000004     main.obj (.data)
                  20001284    00000004     rtsv7M4_T_le_v4SPD16_eabi.lib : errno.c.obj (.data)

.stack     0    20000270    00001000     UNINITIALIZED
                  20000270    00000004     rtsv7M4_T_le_v4SPD16_eabi.lib : boot_cortex_m.c.obj (.stack)
                  20000274    00000ffc     --HOLE--

__llvm_prf_cnts 
*          0    20000000    00000000     UNINITIALIZED

MODULE SUMMARY

       Module                         code    ro data   rw data
       ------                         ----    -------   -------
    .\
       tm4c123gh6pm_startup_ccs.obj   12      620       0      
       lcd.obj                        528     0         0      
       main.obj                       328     0         20     
    +--+------------------------------+-------+---------+---------+
       Total:                         868     620       20     
                                                               
    D:/ti/TivaWare_C_Series-2.2.0.295/driverlib/ccs/Debug/driverlib.lib
       interrupt.obj                  172     20        620    
       sysctl.obj                     638     108       0      
       gpio.obj                       440     0         0      
       timer.obj                      240     160       0      
       cpu.obj                        12      0         0      
    +--+------------------------------+-------+---------+---------+
       Total:                         1502    288       620    
                                                               
    D:\ti\ccs1040\ccs\tools\compiler\ti-cgt-arm_20.2.5.LTS\lib\rtsv7M4_T_le_v4SPD16_eabi.lib
       _printfi.c.obj                 4851    0         0      
       fd_add_t2.asm.obj              438     0         0      
       fd_div_t2.asm.obj              310     0         0      
       s_scalbn.c.obj                 272     0         0      
       fd_cmp_t2.asm.obj              268     0         0      
       ctype.c.obj                    0       257       0      
       fd_mul_t2.asm.obj              252     0         0      
       memcpy_t2.asm.obj              156     0         0      
       ull_div_t2.asm.obj             150     0         0      
       memset_t2.asm.obj              122     0         0      
       copy_decompress_lzss.c.obj     104     0         0      
       s_frexp.c.obj                  100     0         0      
       sprintf.c.obj                  98      0         0      
       _ltoa.c.obj                    84      0         0      
       atoi.c.obj                     76      0         0      
       fd_toi_t2.asm.obj              72      0         0      
       autoinit.c.obj                 68      0         0      
       boot_cortex_m.c.obj            52      0         0      
       i_tofd_t2.asm.obj              46      0         0      
       copy_zero_init.c.obj           28      0         0      
       memccpy.c.obj                  28      0         0      
       s_copysign.c.obj               26      0         0      
       strchr.c.obj                   22      0         0      
       strlen.c.obj                   20      0         0      
       wcslen.c.obj                   18      0         0      
       copy_decompress_none.c.obj     14      0         0      
       errno.c.obj                    8       0         4      
       exit.c.obj                     4       0         0      
       pre_init.c.obj                 4       0         0      
       div0.asm.obj                   2       0         0      
    +--+------------------------------+-------+---------+---------+
       Total:                         7693    257       4      
                                                               
       Stack:                         0       0         4096   
       Linker Generated:              0       59        0      
    +--+------------------------------+-------+---------+---------+
       Grand Total:                   10063   1224      4740   


LINKER GENERATED COPY TABLES

__TI_cinit_table @ 00002c10 records: 3, size/record: 8, table size: 24
	.bss: load addr=00002bf8, load size=00000008 bytes, run addr=20001270, run size=00000010 bytes, compression=zero_init
	.vtable: load addr=00002c00, load size=00000008 bytes, run addr=20000000, run size=0000026c bytes, compression=zero_init
	.data: load addr=00002c08, load size=00000007 bytes, run addr=20001280, run size=00000008 bytes, compression=lzss


LINKER GENERATED HANDLER TABLE

__TI_handler_table @ 00002be8 records: 3, size/record: 4, table size: 12
	index: 0, handler: __TI_zero_init
	index: 1, handler: __TI_decompress_lzss
	index: 2, handler: __TI_decompress_none


GLOBAL SYMBOLS: SORTED ALPHABETICALLY BY Name 

address   name                          
-------   ----                          
000016d5  AyarlariYap                   
000029c1  C$$EXIT                       
00002979  CPUcpsie                      
00002837  GPIODirModeSet                
000014c5  GPIOPadConfigSet              
0000289b  GPIOPinTypeGPIOOutput         
000029ad  GPIOPinWrite                  
00002301  IntEnable                     
0000294d  IntMasterEnable               
0000276d  IntRegister                   
00000fd3  Lcd_Goto                      
00000f73  Lcd_Komut                     
00000f9b  Lcd_Putch                     
0000101d  Lcd_Puts                      
00000f2d  Lcd_SendNibble                
00000fc3  Lcd_Temizle                   
00001039  Lcd_init                      
00002985  ResetISR                      
00001b11  SysCtlClockGet                
00001e35  SysCtlClockSet                
000029b3  SysCtlDelay                   
000027a1  SysCtlPeripheralEnable        
00002735  SysCtlPeripheralReady         
00001681  Timer0_ISR                    
00002435  TimerConfigure                
0000295d  TimerEnable                   
000029b9  TimerIntClear                 
0000299b  TimerIntEnable                
000028cf  TimerIntRegister              
00002929  TimerLoadSet                  
20001270  __STACK_END                   
00001000  __STACK_SIZE                  
20000470  __STACK_TOP                   
00002c10  __TI_CINIT_Base               
00002c28  __TI_CINIT_Limit              
00002be8  __TI_Handler_Table_Base       
00002bf4  __TI_Handler_Table_Limit      
00002671  __TI_auto_init_nobinit_nopinit
00002369  __TI_decompress_lzss          
0000296b  __TI_decompress_none          
000024eb  __TI_ltoa                     
ffffffff  __TI_pprof_out_hndl           
0000026d  __TI_printfi                  
ffffffff  __TI_prof_data_size           
ffffffff  __TI_prof_data_start          
00000000  __TI_static_base__            
00002863  __TI_zero_init_nomemset       
0000210d  __aeabi_cdcmpeq               
0000210d  __aeabi_cdcmple               
00002193  __aeabi_cdrcmple              
00002629  __aeabi_d2iz                  
00001317  __aeabi_dadd                  
000018b5  __aeabi_ddiv                  
00001d39  __aeabi_dmul                  
0000130d  __aeabi_dsub                  
000029a5  __aeabi_errno_addr            
00002809  __aeabi_i2d                   
00000cbb  __aeabi_idiv0                 
00000cbb  __aeabi_ldiv0                 
00002219  __aeabi_memclr                
00002219  __aeabi_memclr4               
00002219  __aeabi_memclr8               
00001fdb  __aeabi_memcpy                
00001fdb  __aeabi_memcpy4               
00001fdb  __aeabi_memcpy8               
0000221b  __aeabi_memset                
0000221b  __aeabi_memset4               
0000221b  __aeabi_memset8               
00002077  __aeabi_uldivmod              
ffffffff  __binit__                     
ffffffff  __c_args__                    
UNDEFED   __mpu_init                    
20000270  __stack                       
20000000  __start___llvm_prf_cnts       
20000000  __stop___llvm_prf_cnts        
000027d5  _c_int00_noargs               
000029c4  _ctypes_                      
UNDEFED   _system_post_cinit            
000029bd  _system_pre_init              
000029c1  abort                         
000025dd  atoi                          
ffffffff  binit                         
000028b5  copysign                      
000028b5  copysignl                     
20001282  dakika                        
20001280  ekran_guncelle                
20001284  errno                         
000023d1  frexp                         
000023d1  frexpl                        
20000000  g_pfnRAMVectors               
00000000  g_pfnVectors                  
00001c29  ldexp                         
00001c29  ldexpl                        
00001631  main                          
0000287f  memccpy                       
00001fdb  memcpy                        
00002221  memset                        
20001281  saat                          
20001270  saat_buffer                   
20001283  saniye                        
00001c29  scalbn                        
00001c29  scalbnl                       
000026b5  sprintf                       
000028ff  strchr                        
00002915  strlen                        
0000293b  wcslen                        


GLOBAL SYMBOLS: SORTED BY Symbol Address 

address   name                          
-------   ----                          
00000000  __TI_static_base__            
00000000  g_pfnVectors                  
0000026d  __TI_printfi                  
00000cbb  __aeabi_idiv0                 
00000cbb  __aeabi_ldiv0                 
00000f2d  Lcd_SendNibble                
00000f73  Lcd_Komut                     
00000f9b  Lcd_Putch                     
00000fc3  Lcd_Temizle                   
00000fd3  Lcd_Goto                      
00001000  __STACK_SIZE                  
0000101d  Lcd_Puts                      
00001039  Lcd_init                      
0000130d  __aeabi_dsub                  
00001317  __aeabi_dadd                  
000014c5  GPIOPadConfigSet              
00001631  main                          
00001681  Timer0_ISR                    
000016d5  AyarlariYap                   
000018b5  __aeabi_ddiv                  
00001b11  SysCtlClockGet                
00001c29  ldexp                         
00001c29  ldexpl                        
00001c29  scalbn                        
00001c29  scalbnl                       
00001d39  __aeabi_dmul                  
00001e35  SysCtlClockSet                
00001fdb  __aeabi_memcpy                
00001fdb  __aeabi_memcpy4               
00001fdb  __aeabi_memcpy8               
00001fdb  memcpy                        
00002077  __aeabi_uldivmod              
0000210d  __aeabi_cdcmpeq               
0000210d  __aeabi_cdcmple               
00002193  __aeabi_cdrcmple              
00002219  __aeabi_memclr                
00002219  __aeabi_memclr4               
00002219  __aeabi_memclr8               
0000221b  __aeabi_memset                
0000221b  __aeabi_memset4               
0000221b  __aeabi_memset8               
00002221  memset                        
00002301  IntEnable                     
00002369  __TI_decompress_lzss          
000023d1  frexp                         
000023d1  frexpl                        
00002435  TimerConfigure                
000024eb  __TI_ltoa                     
000025dd  atoi                          
00002629  __aeabi_d2iz                  
00002671  __TI_auto_init_nobinit_nopinit
000026b5  sprintf                       
00002735  SysCtlPeripheralReady         
0000276d  IntRegister                   
000027a1  SysCtlPeripheralEnable        
000027d5  _c_int00_noargs               
00002809  __aeabi_i2d                   
00002837  GPIODirModeSet                
00002863  __TI_zero_init_nomemset       
0000287f  memccpy                       
0000289b  GPIOPinTypeGPIOOutput         
000028b5  copysign                      
000028b5  copysignl                     
000028cf  TimerIntRegister              
000028ff  strchr                        
00002915  strlen                        
00002929  TimerLoadSet                  
0000293b  wcslen                        
0000294d  IntMasterEnable               
0000295d  TimerEnable                   
0000296b  __TI_decompress_none          
00002979  CPUcpsie                      
00002985  ResetISR                      
0000299b  TimerIntEnable                
000029a5  __aeabi_errno_addr            
000029ad  GPIOPinWrite                  
000029b3  SysCtlDelay                   
000029b9  TimerIntClear                 
000029bd  _system_pre_init              
000029c1  C$$EXIT                       
000029c1  abort                         
000029c4  _ctypes_                      
00002be8  __TI_Handler_Table_Base       
00002bf4  __TI_Handler_Table_Limit      
00002c10  __TI_CINIT_Base               
00002c28  __TI_CINIT_Limit              
20000000  __start___llvm_prf_cnts       
20000000  __stop___llvm_prf_cnts        
20000000  g_pfnRAMVectors               
20000270  __stack                       
20000470  __STACK_TOP                   
20001270  __STACK_END                   
20001270  saat_buffer                   
20001280  ekran_guncelle                
20001281  saat                          
20001282  dakika                        
20001283  saniye                        
20001284  errno                         
ffffffff  __TI_pprof_out_hndl           
ffffffff  __TI_prof_data_size           
ffffffff  __TI_prof_data_start          
ffffffff  __binit__                     
ffffffff  __c_args__                    
ffffffff  binit                         
UNDEFED   __mpu_init                    
UNDEFED   _system_post_cinit            

[106 symbols]
